// Jest Snapshot v1, https://goo.gl/fbAQLP

exports[`Content component should render correctly 1`] = `
<div>
  <div
    class="group/sidebar-wrapper flex w-full has-data-[variant=inset]:bg-sidebar min-h-0"
    style="--sidebar-width: 16rem; --sidebar-width-icon: 3rem;"
  >
    <div
      class="flex min-h-0 flex-1 flex-col gap-2 overflow-auto group-data-[collapsible=icon]:overflow-hidden"
      data-sidebar="content"
    >
      <div
        class="relative flex w-full min-w-0 flex-col p-2"
        data-sidebar="group"
      >
        <ul
          class="flex w-full min-w-0 flex-col gap-1"
          data-sidebar="menu"
        >
          <li
            class="group/menu-item relative"
            data-sidebar="menu-item"
          >
            <a
              class="peer/menu-button flex w-full items-center gap-2 overflow-hidden rounded-md p-2 text-left outline-hidden ring-sidebar-ring transition-[width,height,padding] focus-visible:ring-2 active:bg-sidebar-accent active:text-sidebar-accent-foreground disabled:pointer-events-none disabled:opacity-50 group-has-data-[sidebar=menu-action]/menu-item:pr-8 aria-disabled:pointer-events-none aria-disabled:opacity-50 data-[active=true]:bg-sidebar-accent data-[active=true]:font-medium data-[active=true]:text-sidebar-accent-foreground data-[state=open]:hover:bg-sidebar-accent data-[state=open]:hover:text-sidebar-accent-foreground group-data-[collapsible=icon]:size-8! group-data-[collapsible=icon]:p-2! [&>span:last-child]:truncate [&>svg]:size-4 [&>svg]:shrink-0 hover:bg-sidebar-accent hover:text-sidebar-accent-foreground h-8 text-sm font-medium"
              data-active="false"
              data-sidebar="menu-button"
              data-size="default"
              href="/item1"
            >
              Item 1
            </a>
          </li>
          <li
            class="group/menu-item relative"
            data-sidebar="menu-item"
          >
            <a
              class="peer/menu-button flex w-full items-center gap-2 overflow-hidden rounded-md p-2 text-left outline-hidden ring-sidebar-ring transition-[width,height,padding] focus-visible:ring-2 active:bg-sidebar-accent active:text-sidebar-accent-foreground disabled:pointer-events-none disabled:opacity-50 group-has-data-[sidebar=menu-action]/menu-item:pr-8 aria-disabled:pointer-events-none aria-disabled:opacity-50 data-[active=true]:bg-sidebar-accent data-[active=true]:font-medium data-[active=true]:text-sidebar-accent-foreground data-[state=open]:hover:bg-sidebar-accent data-[state=open]:hover:text-sidebar-accent-foreground group-data-[collapsible=icon]:size-8! group-data-[collapsible=icon]:p-2! [&>span:last-child]:truncate [&>svg]:size-4 [&>svg]:shrink-0 hover:bg-sidebar-accent hover:text-sidebar-accent-foreground h-8 text-sm font-medium"
              data-active="false"
              data-sidebar="menu-button"
              data-size="default"
              href="/item2"
            >
              Item 2
            </a>
            <ul
              class="mx-3.5 flex min-w-0 translate-x-px flex-col gap-1 border-sidebar-border py-0.5 group-data-[collapsible=icon]:hidden ml-0 border-l-0 px-1.5"
              data-sidebar="menu-sub"
            >
              <li>
                <a
                  class="flex h-7 min-w-0 -translate-x-px items-center gap-2 overflow-hidden rounded-md px-2 text-sidebar-foreground outline-hidden ring-sidebar-ring hover:bg-sidebar-accent hover:text-sidebar-accent-foreground focus-visible:ring-2 active:bg-sidebar-accent active:text-sidebar-accent-foreground disabled:pointer-events-none disabled:opacity-50 aria-disabled:pointer-events-none aria-disabled:opacity-50 [&>span:last-child]:truncate [&>svg]:size-4 [&>svg]:shrink-0 [&>svg]:text-sidebar-accent-foreground data-[active=true]:bg-sidebar-accent data-[active=true]:text-sidebar-accent-foreground text-sm group-data-[collapsible=icon]:hidden"
                  data-sidebar="menu-sub-button"
                  data-size="md"
                  href="/subitem1"
                >
                  Subitem 1
                </a>
              </li>
              <li>
                <a
                  class="flex h-7 min-w-0 -translate-x-px items-center gap-2 overflow-hidden rounded-md px-2 text-sidebar-foreground outline-hidden ring-sidebar-ring hover:bg-sidebar-accent hover:text-sidebar-accent-foreground focus-visible:ring-2 active:bg-sidebar-accent active:text-sidebar-accent-foreground disabled:pointer-events-none disabled:opacity-50 aria-disabled:pointer-events-none aria-disabled:opacity-50 [&>span:last-child]:truncate [&>svg]:size-4 [&>svg]:shrink-0 [&>svg]:text-sidebar-accent-foreground data-[active=true]:bg-sidebar-accent data-[active=true]:text-sidebar-accent-foreground text-sm group-data-[collapsible=icon]:hidden"
                  data-sidebar="menu-sub-button"
                  data-size="md"
                  href="/subitem2"
                >
                  Subitem 2
                </a>
              </li>
            </ul>
          </li>
        </ul>
      </div>
    </div>
  </div>
</div>
`;
