// Jest Snapshot v1, https://goo.gl/fbAQLP

exports[`Container component should render correctly 1`] = `
<div>
  <div
    class="fixed top-0 left-0 z-20 bottom-auto transition-transform duration-300 ease-in-out shadow-sm bg-white w-60 h-[100dvh] -translate-x-full"
    data-testid="container"
  >
    child
  </div>
</div>
`;
