// Jest Snapshot v1, https://goo.gl/fbAQLP

exports[`Footer component should render correctly 1`] = `
<div>
  <div
    class="w-full min-h-12 bg-primary flex items-center justify-center"
  >
    <div
      class="flex gap-1 justify-center text-sm text-secondary"
    >
      <p>
        made by
      </p>
      <a
        class="text-blue-400 hover:text-blue-300 focus:text-blue-500"
        href="https://github.com/art-ch"
      >
        art-ch
      </a>
    </div>
  </div>
</div>
`;
