// Jest Snapshot v1, https://goo.gl/fbAQLP

exports[`PageLoading should render the page loading component 1`] = `
<div>
  <div
    class="min-h-screen flex items-center justify-center"
  >
    <div
      class="animate-spin rounded-full h-12 w-12 border-t-2 border-b-2 border-gray-900 dark:border-white"
    />
  </div>
</div>
`;
